66.0 APEX_CODE,FINEST;APEX_PROFILING,FINEST;CALLOUT,FINEST;DATA_ACCESS,INFO;DB,FINEST;NBA,FINE;SYSTEM,FINE;VALIDATION,INFO;VISUALFORCE,FINER;WAVE,FINEST;WORKFLOW,FINER
Execute Anonymous: Database.executeBatch(new InboundBatchFinalizer(), 10);
18:39:40.15 (15339662)|USER_INFO|[EXTERNAL]|0051n000006PLOd|aleksandr.novikov@interpipe.biz.newdev|(GMT+03:00) Eastern European Summer Time (Europe/Bucharest)|GMT+03:00
18:39:40.15 (15368083)|EXECUTION_STARTED
18:39:40.15 (15392504)|CODE_UNIT_STARTED|[EXTERNAL]|execute_anonymous_apex
18:39:40.15 (15834642)|HEAP_ALLOCATE|[95]|Bytes:3
18:39:40.15 (15932447)|HEAP_ALLOCATE|[100]|Bytes:152
18:39:40.15 (15952330)|HEAP_ALLOCATE|[417]|Bytes:408
18:39:40.15 (15970400)|HEAP_ALLOCATE|[430]|Bytes:408
18:39:40.15 (16050997)|HEAP_ALLOCATE|[317]|Bytes:6
18:39:40.15 (16109021)|HEAP_ALLOCATE|[EXTERNAL]|Bytes:1
18:39:40.15 (16243507)|STATEMENT_EXECUTE|[1]
18:39:40.15 (16245916)|STATEMENT_EXECUTE|[1]
18:39:40.15 (27659946)|HEAP_ALLOCATE|[1]|Bytes:76
18:39:40.15 (27676982)|HEAP_ALLOCATE|[1]|Bytes:19
18:39:40.15 (27843967)|METHOD_ENTRY|[1]|01pRR00000OhS4r|InboundBatchFinalizer.InboundBatchFinalizer()
18:39:40.15 (27873198)|STATEMENT_EXECUTE|[1]
18:39:40.15 (27908252)|STATEMENT_EXECUTE|[1]
18:39:40.15 (27943000)|HEAP_ALLOCATE|[68]|Bytes:5
18:39:40.15 (28001742)|HEAP_ALLOCATE|[74]|Bytes:5
18:39:40.15 (28012661)|HEAP_ALLOCATE|[82]|Bytes:7
18:39:40.15 (28068438)|SYSTEM_MODE_ENTER|false
18:39:40.15 (28094165)|HEAP_ALLOCATE|[1]|Bytes:5
18:39:40.15 (28108401)|SYSTEM_MODE_EXIT|false
18:39:40.15 (28137624)|METHOD_EXIT|[1]|InboundBatchFinalizer
18:39:40.15 (28155180)|HEAP_ALLOCATE|[1]|Bytes:4
18:39:40.15 (28184731)|SYSTEM_MODE_ENTER|false
18:39:40.15 (28202016)|HEAP_ALLOCATE|[1]|Bytes:5
18:39:40.15 (28230862)|CONSTRUCTOR_ENTRY|[1]|01pRR00000OhS4r|<init>()|InboundBatchFinalizer
18:39:40.15 (28288326)|VARIABLE_SCOPE_BEGIN|[1]|this|InboundBatchFinalizer|true|false
18:39:40.15 (28414000)|VARIABLE_ASSIGNMENT|[1]|this|{}|0x57e42719
18:39:40.15 (28423995)|HEAP_ALLOCATE|[EXTERNAL]|Bytes:5
18:39:40.15 (28432444)|HEAP_ALLOCATE|[EXTERNAL]|Bytes:6
18:39:40.15 (30270182)|STATEMENT_EXECUTE|[1]
18:39:40.15 (30287624)|HEAP_ALLOCATE|[EXTERNAL]|Bytes:5
18:39:40.15 (30321462)|CONSTRUCTOR_EXIT|[1]|01pRR00000OhS4r|<init>()|InboundBatchFinalizer
18:39:40.15 (30330246)|SYSTEM_MODE_EXIT|false
18:39:40.15 (30417991)|SYSTEM_METHOD_ENTRY|[1]|Database.executeBatch(APEX_OBJECT, Integer)
18:39:40.15 (51146538)|LIMIT_USAGE|[1]|MAX_ASYNC|1|200
18:39:40.15 (71805764)|SYSTEM_METHOD_EXIT|[1]|Database.executeBatch(APEX_OBJECT, Integer)
18:39:40.78 (78189399)|CUMULATIVE_LIMIT_USAGE
18:39:40.78 (78189399)|LIMIT_USAGE_FOR_NS|(default)|
  Number of SOQL queries: 0 out of 100
  Number of query rows: 0 out of 50000
  Number of SOSL queries: 0 out of 20
  Number of DML statements: 0 out of 150
  Number of Publish Immediate DML: 0 out of 150
  Number of DML rows: 0 out of 10000
  Maximum CPU time: 0 out of 10000
  Maximum heap size: 0 out of 6000000
  Number of callouts: 0 out of 100
  Number of Email Invocations: 0 out of 10
  Number of future calls: 0 out of 50
  Number of queueable jobs added to the queue: 0 out of 50
  Number of Mobile Apex push calls: 0 out of 10

18:39:40.78 (78189399)|TOTAL_EMAIL_RECIPIENTS_QUEUED|0
18:39:40.78 (78189399)|STATIC_VARIABLE_LIST|
  int:BYTES:0
  int:BYTES:0
  byte[]:DigitOnes:0
  byte[]:DigitTens:0
  Boolean:FALSE:0
  int:MAX_EXPONENT:0
  double:MAX_VALUE:0
  int:MAX_VALUE:0
  int:MIN_EXPONENT:0
  double:MIN_NORMAL:0
  double:MIN_VALUE:0
  int:MIN_VALUE:0
  double:NEGATIVE_INFINITY:0
  double:NaN:0
  double:POSITIVE_INFINITY:0
  int:PRECISION:0
  int:SIZE:0
  int:SIZE:0
  Boolean:TRUE:0
  String:__sfdcParameterizedTypes:0
  String:_sfdcAdditionalCodeLocations:0
  String:_sfdcAdditionalCodeLocations:0
  String:_sfdcSuppressedCodeLocations:0
  char[]:digits:0
  long:serialVersionUID:0
  long:serialVersionUID:0
  long:serialVersionUID:0

18:39:40.78 (78189399)|CUMULATIVE_LIMIT_USAGE_END

18:39:40.15 (78713483)|CODE_UNIT_FINISHED|execute_anonymous_apex
18:39:40.15 (78739961)|EXECUTION_FINISHED
18:39:40.79 (79337153)|CUMULATIVE_PROFILING_BEGIN
18:39:40.79 (79337153)|CUMULATIVE_PROFILING|No profiling information for SOQL operations
18:39:40.79 (79337153)|CUMULATIVE_PROFILING|No profiling information for SOSL operations
18:39:40.79 (79337153)|CUMULATIVE_PROFILING|No profiling information for DML operations
18:39:40.79 (79337153)|CUMULATIVE_PROFILING|method invocations|
External entry point: public static void execute(): executed 1 time in 56 ms
AnonymousBlock: line 1, column 1: global InboundBatchFinalizer(): executed 2 times in 44 ms

18:39:40.79 (79337153)|CUMULATIVE_PROFILING_END
