66.0 APEX_CODE,FINEST;APEX_PROFILING,FINEST;CALLOUT,FINEST;DATA_ACCESS,INFO;DB,FINEST;NBA,FINE;SYSTEM,FINE;VALIDATION,INFO;VISUALFORCE,FINER;WAVE,FINEST;WORKFLOW,FINER
18:39:41.1 (1650795)|USER_INFO|[EXTERNAL]|0051n000006PLOd|aleksandr.novikov@interpipe.biz.newdev|(GMT+03:00) Eastern European Summer Time (Europe/Bucharest)|GMT+03:00
18:39:41.1 (1761238)|EXECUTION_STARTED
18:39:41.1 (1790240)|CODE_UNIT_STARTED|[EXTERNAL]|01pRR00000OhS4r|InboundBatchFinalizer
18:39:41.1 (5105845)|HEAP_ALLOCATE|[EXTERNAL]|Bytes:4
18:39:41.1 (5911106)|HEAP_ALLOCATE|[95]|Bytes:3
18:39:41.1 (5992513)|HEAP_ALLOCATE|[100]|Bytes:152
18:39:41.1 (6011731)|HEAP_ALLOCATE|[417]|Bytes:408
18:39:41.1 (6031214)|HEAP_ALLOCATE|[430]|Bytes:408
18:39:41.1 (6065888)|HEAP_ALLOCATE|[317]|Bytes:6
18:39:41.1 (6114431)|HEAP_ALLOCATE|[EXTERNAL]|Bytes:11
18:39:41.1 (6157021)|SYSTEM_METHOD_ENTRY|[15]|BatchableContextImpl.BatchableContextImpl()
18:39:41.1 (6172681)|STATEMENT_EXECUTE|[15]
18:39:41.1 (6192885)|SYSTEM_METHOD_EXIT|[15]|BatchableContextImpl
18:39:41.1 (6198806)|HEAP_ALLOCATE|[EXTERNAL]|Bytes:12
18:39:41.1 (6202118)|HEAP_ALLOCATE|[EXTERNAL]|Bytes:4
18:39:41.1 (6212156)|VARIABLE_SCOPE_BEGIN|[31]|this|Database.BatchableContextImpl|true|false
18:39:41.1 (6314737)|VARIABLE_ASSIGNMENT|[31]|this|{}|0x910b810
18:39:41.1 (6317736)|VARIABLE_SCOPE_BEGIN|[31]|jobId|Id|false|false
18:39:41.1 (6415195)|VARIABLE_ASSIGNMENT|[31]|jobId|"707RR00001I2cpJYAR"
18:39:41.1 (6417956)|VARIABLE_SCOPE_BEGIN|[31]|childJobId|Id|false|false
18:39:41.1 (6423623)|VARIABLE_ASSIGNMENT|[31]|childJobId|null
18:39:41.1 (38133915)|HEAP_ALLOCATE|[EXTERNAL]|Bytes:76
18:39:41.1 (38199671)|HEAP_ALLOCATE|[EXTERNAL]|Bytes:19
18:39:41.1 (38316275)|METHOD_ENTRY|[1]|01pRR00000OhS4r|InboundBatchFinalizer.InboundBatchFinalizer()
18:39:41.1 (38351485)|STATEMENT_EXECUTE|[1]
18:39:41.1 (38397643)|STATEMENT_EXECUTE|[1]
18:39:41.1 (38472955)|HEAP_ALLOCATE|[68]|Bytes:5
18:39:41.1 (38586393)|HEAP_ALLOCATE|[74]|Bytes:5
18:39:41.1 (38614608)|HEAP_ALLOCATE|[82]|Bytes:7
18:39:41.1 (40533314)|SYSTEM_MODE_ENTER|false
18:39:41.1 (40899634)|HEAP_ALLOCATE|[EXTERNAL]|Bytes:5
18:39:41.1 (40914007)|SYSTEM_MODE_EXIT|false
18:39:41.1 (40940884)|METHOD_EXIT|[1]|InboundBatchFinalizer
18:39:41.1 (40947975)|HEAP_ALLOCATE|[EXTERNAL]|Bytes:4
18:39:41.1 (40950879)|HEAP_ALLOCATE|[EXTERNAL]|Bytes:12
18:39:41.1 (40961928)|VARIABLE_SCOPE_BEGIN|[300]|this|InboundBatchFinalizer|true|false
18:39:41.1 (40999720)|VARIABLE_ASSIGNMENT|[300]|this|{}|0x59fe69a
18:39:41.1 (41004271)|VARIABLE_SCOPE_BEGIN|[300]|bc|Database.BatchableContext|true|false
18:39:41.1 (41067773)|VARIABLE_ASSIGNMENT|[300]|bc|{"jobId":"707RR00001I2cpJYAR"}|0x910b810
18:39:41.1 (41081438)|SYSTEM_MODE_ENTER|false
18:39:41.1 (41085049)|HEAP_ALLOCATE|[EXTERNAL]|Bytes:5
18:39:41.1 (41088424)|STATEMENT_EXECUTE|[300]
18:39:41.1 (41090944)|SYSTEM_MODE_EXIT|false
18:39:41.70 (70389970)|CUMULATIVE_LIMIT_USAGE
18:39:41.70 (70389970)|LIMIT_USAGE_FOR_NS|(default)|
  Number of SOQL queries: 0 out of 200
  Number of query rows: 0 out of 50000
  Number of SOSL queries: 0 out of 20
  Number of DML statements: 0 out of 150
  Number of Publish Immediate DML: 0 out of 150
  Number of DML rows: 0 out of 10000
  Maximum CPU time: 0 out of 60000
  Maximum heap size: 0 out of 12000000
  Number of callouts: 0 out of 0
  Number of Email Invocations: 0 out of 10
  Number of future calls: 0 out of 0
  Number of queueable jobs added to the queue: 0 out of 1
  Number of Mobile Apex push calls: 0 out of 10

18:39:41.70 (70389970)|TOTAL_EMAIL_RECIPIENTS_QUEUED|0
18:39:41.70 (70389970)|STATIC_VARIABLE_LIST|
  int:BYTES:0
  int:BYTES:0
  byte[]:DigitOnes:0
  byte[]:DigitTens:0
  Boolean:FALSE:0
  int:MAX_EXPONENT:0
  double:MAX_VALUE:0
  int:MAX_VALUE:0
  int:MIN_EXPONENT:0
  double:MIN_NORMAL:0
  double:MIN_VALUE:0
  int:MIN_VALUE:0
  double:NEGATIVE_INFINITY:0
  double:NaN:0
  double:POSITIVE_INFINITY:0
  int:PRECISION:0
  int:SIZE:0
  int:SIZE:0
  Boolean:TRUE:0
  String:__sfdcParameterizedTypes:0
  String:_sfdcAdditionalCodeLocations:0
  String:_sfdcAdditionalCodeLocations:0
  String:_sfdcAdditionalCodeLocations:0
  char[]:digits:0
  long:serialVersionUID:0
  long:serialVersionUID:0
  long:serialVersionUID:0

18:39:41.70 (70389970)|CUMULATIVE_LIMIT_USAGE_END

18:39:41.1 (71051637)|CODE_UNIT_FINISHED|InboundBatchFinalizer
18:39:41.1 (71081692)|EXECUTION_FINISHED
18:39:41.121 (121382576)|CUMULATIVE_PROFILING_BEGIN
18:39:41.121 (121382576)|CUMULATIVE_PROFILING|No profiling information for SOQL operations
18:39:41.121 (121382576)|CUMULATIVE_PROFILING|No profiling information for SOSL operations
18:39:41.121 (121382576)|CUMULATIVE_PROFILING|No profiling information for DML operations
18:39:41.121 (121382576)|CUMULATIVE_PROFILING|method invocations|
External entry point: global void finish(Database.BatchableContext): executed 1 time in 3 ms

18:39:41.121 (121382576)|CUMULATIVE_PROFILING_END
