66.0 APEX_CODE,FINEST;APEX_PROFILING,FINEST;CALLOUT,FINEST;DATA_ACCESS,INFO;DB,FINEST;NBA,FINE;SYSTEM,FINE;VALIDATION,INFO;VISUALFORCE,FINER;WAVE,FINEST;WORKFLOW,FINER
Execute Anonymous: Database.executeBatch(new InboundBatchFinalizer(), 10);
18:18:43.18 (18925907)|USER_INFO|[EXTERNAL]|0051n000006PLOd|aleksandr.novikov@interpipe.biz.newdev|(GMT+03:00) Eastern European Summer Time (Europe/Bucharest)|GMT+03:00
18:18:43.18 (18952899)|EXECUTION_STARTED
18:18:43.18 (18971688)|CODE_UNIT_STARTED|[EXTERNAL]|execute_anonymous_apex
18:18:43.18 (19221972)|HEAP_ALLOCATE|[95]|Bytes:3
18:18:43.18 (19283815)|HEAP_ALLOCATE|[100]|Bytes:152
18:18:43.18 (19298143)|HEAP_ALLOCATE|[417]|Bytes:408
18:18:43.18 (19309203)|HEAP_ALLOCATE|[430]|Bytes:408
18:18:43.18 (19328023)|HEAP_ALLOCATE|[317]|Bytes:6
18:18:43.18 (19351985)|HEAP_ALLOCATE|[EXTERNAL]|Bytes:1
18:18:43.18 (19446030)|STATEMENT_EXECUTE|[1]
18:18:43.18 (19447845)|STATEMENT_EXECUTE|[1]
18:18:43.18 (32043303)|HEAP_ALLOCATE|[1]|Bytes:76
18:18:43.18 (32060826)|HEAP_ALLOCATE|[1]|Bytes:19
18:18:43.18 (32120977)|METHOD_ENTRY|[1]|01pRR00000OhS4r|InboundBatchFinalizer.InboundBatchFinalizer()
18:18:43.18 (32131392)|STATEMENT_EXECUTE|[1]
18:18:43.18 (32140307)|STATEMENT_EXECUTE|[1]
18:18:43.18 (32167004)|HEAP_ALLOCATE|[68]|Bytes:5
18:18:43.18 (32217357)|HEAP_ALLOCATE|[74]|Bytes:5
18:18:43.18 (32223496)|HEAP_ALLOCATE|[82]|Bytes:7
18:18:43.18 (32253870)|SYSTEM_MODE_ENTER|false
18:18:43.18 (32275083)|HEAP_ALLOCATE|[1]|Bytes:5
18:18:43.18 (32285079)|SYSTEM_MODE_EXIT|false
18:18:43.18 (32293852)|METHOD_EXIT|[1]|InboundBatchFinalizer
18:18:43.18 (32307521)|HEAP_ALLOCATE|[1]|Bytes:4
18:18:43.18 (32321845)|SYSTEM_MODE_ENTER|false
18:18:43.18 (32333412)|HEAP_ALLOCATE|[1]|Bytes:5
18:18:43.18 (32361273)|CONSTRUCTOR_ENTRY|[1]|01pRR00000OhS4r|<init>()|InboundBatchFinalizer
18:18:43.18 (32415012)|VARIABLE_SCOPE_BEGIN|[1]|this|InboundBatchFinalizer|true|false
18:18:43.18 (32496079)|VARIABLE_ASSIGNMENT|[1]|this|{}|0x29044fe5
18:18:43.18 (32502170)|HEAP_ALLOCATE|[EXTERNAL]|Bytes:5
18:18:43.18 (32506597)|HEAP_ALLOCATE|[EXTERNAL]|Bytes:6
18:18:43.18 (36893192)|STATEMENT_EXECUTE|[1]
18:18:43.18 (36906914)|HEAP_ALLOCATE|[EXTERNAL]|Bytes:5
18:18:43.18 (36933711)|CONSTRUCTOR_EXIT|[1]|01pRR00000OhS4r|<init>()|InboundBatchFinalizer
18:18:43.18 (36946698)|SYSTEM_MODE_EXIT|false
18:18:43.18 (37003145)|SYSTEM_METHOD_ENTRY|[1]|Database.executeBatch(APEX_OBJECT, Integer)
18:18:43.18 (77937360)|LIMIT_USAGE|[1]|MAX_ASYNC|1|200
18:18:43.18 (118470417)|SYSTEM_METHOD_EXIT|[1]|Database.executeBatch(APEX_OBJECT, Integer)
18:18:43.147 (147733317)|CUMULATIVE_LIMIT_USAGE
18:18:43.147 (147733317)|LIMIT_USAGE_FOR_NS|(default)|
  Number of SOQL queries: 0 out of 100
  Number of query rows: 0 out of 50000
  Number of SOSL queries: 0 out of 20
  Number of DML statements: 0 out of 150
  Number of Publish Immediate DML: 0 out of 150
  Number of DML rows: 0 out of 10000
  Maximum CPU time: 0 out of 10000
  Maximum heap size: 0 out of 6000000
  Number of callouts: 0 out of 100
  Number of Email Invocations: 0 out of 10
  Number of future calls: 0 out of 50
  Number of queueable jobs added to the queue: 0 out of 50
  Number of Mobile Apex push calls: 0 out of 10

18:18:43.147 (147733317)|TOTAL_EMAIL_RECIPIENTS_QUEUED|0
18:18:43.147 (147733317)|STATIC_VARIABLE_LIST|
  int:BYTES:0
  int:BYTES:0
  byte[]:DigitOnes:0
  byte[]:DigitTens:0
  Boolean:FALSE:0
  int:MAX_EXPONENT:0
  double:MAX_VALUE:0
  int:MAX_VALUE:0
  int:MIN_EXPONENT:0
  double:MIN_NORMAL:0
  double:MIN_VALUE:0
  int:MIN_VALUE:0
  double:NEGATIVE_INFINITY:0
  double:NaN:0
  double:POSITIVE_INFINITY:0
  int:PRECISION:0
  int:SIZE:0
  int:SIZE:0
  Boolean:TRUE:0
  String:__sfdcParameterizedTypes:0
  String:_sfdcAdditionalCodeLocations:0
  String:_sfdcAdditionalCodeLocations:0
  String:_sfdcSuppressedCodeLocations:0
  char[]:digits:0
  long:serialVersionUID:0
  long:serialVersionUID:0
  long:serialVersionUID:0

18:18:43.147 (147733317)|CUMULATIVE_LIMIT_USAGE_END

18:18:43.18 (147965033)|CODE_UNIT_FINISHED|execute_anonymous_apex
18:18:43.18 (147990016)|EXECUTION_FINISHED
18:18:43.149 (149866947)|CUMULATIVE_PROFILING_BEGIN
18:18:43.149 (149866947)|CUMULATIVE_PROFILING|No profiling information for SOQL operations
18:18:43.149 (149866947)|CUMULATIVE_PROFILING|No profiling information for SOSL operations
18:18:43.149 (149866947)|CUMULATIVE_PROFILING|No profiling information for DML operations
18:18:43.149 (149866947)|CUMULATIVE_PROFILING|method invocations|
External entry point: public static void execute(): executed 1 time in 100 ms
AnonymousBlock: line 1, column 1: global InboundBatchFinalizer(): executed 2 times in 86 ms

18:18:43.149 (149866947)|CUMULATIVE_PROFILING_END
