66.0 APEX_CODE,DEBUG;APEX_PROFILING,INFO;CALLOUT,INFO;DATA_ACCESS,INFO;DB,INFO;NBA,INFO;SYSTEM,DEBUG;VALIDATION,INFO;VISUALFORCE,INFO;WAVE,INFO;WORKFLOW,INFO
Execute Anonymous: System.debug([
Execute Anonymous:     SELECT Id, Status__c, BatchKey__c, LastSeenAt__c
Execute Anonymous:     FROM ERP_InboundBatch__c
Execute Anonymous:     ORDER BY LastSeenAt__c DESC
Execute Anonymous: ]);
18:15:18.69 (69256146)|USER_INFO|[EXTERNAL]|0051n000006PLOd|aleksandr.novikov@interpipe.biz.newdev|(GMT+03:00) Eastern European Summer Time (Europe/Bucharest)|GMT+03:00
18:15:18.69 (69275305)|EXECUTION_STARTED
18:15:18.69 (69284596)|CODE_UNIT_STARTED|[EXTERNAL]|execute_anonymous_apex
18:15:18.69 (70059348)|SOQL_EXECUTE_BEGIN|[1]|Aggregations:0|SELECT Id, Status__c, BatchKey__c, LastSeenAt__c FROM ERP_InboundBatch__c ORDER BY LastSeenAt__c DESC NULLS FIRST
18:15:18.69 (89605338)|SOQL_EXECUTE_END|[1]|Rows:1
18:15:18.69 (89884758)|USER_DEBUG|[1]|DEBUG|(ERP_InboundBatch__c:{Id=a0nRR000002s6X7YAI, Status__c=PROCESSING, BatchKey__c=ERP-SF_OpportunityData_2026-02-21T13:44:15, LastSeenAt__c=2026-04-12 14:46:16})
18:15:18.89 (89984251)|CUMULATIVE_LIMIT_USAGE
18:15:18.89 (89984251)|LIMIT_USAGE_FOR_NS|(default)|
  Number of SOQL queries: 1 out of 100
  Number of query rows: 1 out of 50000
  Number of SOSL queries: 0 out of 20
  Number of DML statements: 0 out of 150
  Number of Publish Immediate DML: 0 out of 150
  Number of DML rows: 0 out of 10000
  Maximum CPU time: 0 out of 10000
  Maximum heap size: 0 out of 6000000
  Number of callouts: 0 out of 100
  Number of Email Invocations: 0 out of 10
  Number of future calls: 0 out of 50
  Number of queueable jobs added to the queue: 0 out of 50
  Number of Mobile Apex push calls: 0 out of 10

18:15:18.89 (89984251)|CUMULATIVE_LIMIT_USAGE_END

18:15:18.69 (90022713)|CODE_UNIT_FINISHED|execute_anonymous_apex
18:15:18.69 (90038768)|EXECUTION_FINISHED
