66.0 APEX_CODE,FINEST;APEX_PROFILING,FINEST;CALLOUT,FINEST;DATA_ACCESS,INFO;DB,FINEST;NBA,FINE;SYSTEM,FINE;VALIDATION,INFO;VISUALFORCE,FINER;WAVE,FINEST;WORKFLOW,FINER
18:18:45.1 (1672982)|USER_INFO|[EXTERNAL]|0051n000006PLOd|aleksandr.novikov@interpipe.biz.newdev|(GMT+03:00) Eastern European Summer Time (Europe/Bucharest)|GMT+03:00
18:18:45.1 (1770775)|EXECUTION_STARTED
18:18:45.1 (1796372)|CODE_UNIT_STARTED|[EXTERNAL]|01pRR00000OhS4r|InboundBatchFinalizer
18:18:45.1 (4995059)|HEAP_ALLOCATE|[EXTERNAL]|Bytes:4
18:18:45.1 (5585270)|HEAP_ALLOCATE|[95]|Bytes:3
18:18:45.1 (5644155)|HEAP_ALLOCATE|[100]|Bytes:152
18:18:45.1 (5657972)|HEAP_ALLOCATE|[417]|Bytes:408
18:18:45.1 (5668673)|HEAP_ALLOCATE|[430]|Bytes:408
18:18:45.1 (5687418)|HEAP_ALLOCATE|[317]|Bytes:6
18:18:45.1 (5711856)|HEAP_ALLOCATE|[EXTERNAL]|Bytes:11
18:18:45.1 (5744322)|SYSTEM_METHOD_ENTRY|[15]|BatchableContextImpl.BatchableContextImpl()
18:18:45.1 (5757163)|STATEMENT_EXECUTE|[15]
18:18:45.1 (5775336)|SYSTEM_METHOD_EXIT|[15]|BatchableContextImpl
18:18:45.1 (5779568)|HEAP_ALLOCATE|[EXTERNAL]|Bytes:12
18:18:45.1 (5781873)|HEAP_ALLOCATE|[EXTERNAL]|Bytes:4
18:18:45.1 (5796778)|VARIABLE_SCOPE_BEGIN|[31]|this|Database.BatchableContextImpl|true|false
18:18:45.1 (5933088)|VARIABLE_ASSIGNMENT|[31]|this|{}|0x70a90b5b
18:18:45.1 (5936747)|VARIABLE_SCOPE_BEGIN|[31]|jobId|Id|false|false
18:18:45.1 (6014623)|VARIABLE_ASSIGNMENT|[31]|jobId|"707RR00001I2qn5YAB"
18:18:45.1 (6018436)|VARIABLE_SCOPE_BEGIN|[31]|childJobId|Id|false|false
18:18:45.1 (6026463)|VARIABLE_ASSIGNMENT|[31]|childJobId|null
18:18:45.1 (32699100)|HEAP_ALLOCATE|[EXTERNAL]|Bytes:76
18:18:45.1 (32715482)|HEAP_ALLOCATE|[EXTERNAL]|Bytes:19
18:18:45.1 (32745143)|METHOD_ENTRY|[1]|01pRR00000OhS4r|InboundBatchFinalizer.InboundBatchFinalizer()
18:18:45.1 (32752987)|STATEMENT_EXECUTE|[1]
18:18:45.1 (32759542)|STATEMENT_EXECUTE|[1]
18:18:45.1 (32784361)|HEAP_ALLOCATE|[68]|Bytes:5
18:18:45.1 (32817611)|HEAP_ALLOCATE|[74]|Bytes:5
18:18:45.1 (32824996)|HEAP_ALLOCATE|[82]|Bytes:7
18:18:45.1 (34480751)|SYSTEM_MODE_ENTER|false
18:18:45.1 (34639878)|HEAP_ALLOCATE|[EXTERNAL]|Bytes:5
18:18:45.1 (34653632)|SYSTEM_MODE_EXIT|false
18:18:45.1 (34671495)|METHOD_EXIT|[1]|InboundBatchFinalizer
18:18:45.1 (34677186)|HEAP_ALLOCATE|[EXTERNAL]|Bytes:4
18:18:45.1 (34679735)|HEAP_ALLOCATE|[EXTERNAL]|Bytes:12
18:18:45.1 (34688941)|VARIABLE_SCOPE_BEGIN|[262]|this|InboundBatchFinalizer|true|false
18:18:45.1 (34746911)|VARIABLE_ASSIGNMENT|[262]|this|{}|0x19b4a9ec
18:18:45.1 (34750741)|VARIABLE_SCOPE_BEGIN|[262]|bc|Database.BatchableContext|true|false
18:18:45.1 (34836211)|VARIABLE_ASSIGNMENT|[262]|bc|{"jobId":"707RR00001I2qn5YAB"}|0x70a90b5b
18:18:45.1 (34848364)|SYSTEM_MODE_ENTER|false
18:18:45.1 (34852514)|HEAP_ALLOCATE|[EXTERNAL]|Bytes:5
18:18:45.1 (34855659)|STATEMENT_EXECUTE|[262]
18:18:45.1 (34859046)|SYSTEM_MODE_EXIT|false
18:18:45.61 (61932209)|CUMULATIVE_LIMIT_USAGE
18:18:45.61 (61932209)|LIMIT_USAGE_FOR_NS|(default)|
  Number of SOQL queries: 0 out of 200
  Number of query rows: 0 out of 50000
  Number of SOSL queries: 0 out of 20
  Number of DML statements: 0 out of 150
  Number of Publish Immediate DML: 0 out of 150
  Number of DML rows: 0 out of 10000
  Maximum CPU time: 0 out of 60000
  Maximum heap size: 0 out of 12000000
  Number of callouts: 0 out of 0
  Number of Email Invocations: 0 out of 10
  Number of future calls: 0 out of 0
  Number of queueable jobs added to the queue: 0 out of 1
  Number of Mobile Apex push calls: 0 out of 10

18:18:45.61 (61932209)|TOTAL_EMAIL_RECIPIENTS_QUEUED|0
18:18:45.61 (61932209)|STATIC_VARIABLE_LIST|
  int:BYTES:0
  int:BYTES:0
  byte[]:DigitOnes:0
  byte[]:DigitTens:0
  Boolean:FALSE:0
  int:MAX_EXPONENT:0
  double:MAX_VALUE:0
  int:MAX_VALUE:0
  int:MIN_EXPONENT:0
  double:MIN_NORMAL:0
  double:MIN_VALUE:0
  int:MIN_VALUE:0
  double:NEGATIVE_INFINITY:0
  double:NaN:0
  double:POSITIVE_INFINITY:0
  int:PRECISION:0
  int:SIZE:0
  int:SIZE:0
  Boolean:TRUE:0
  String:__sfdcParameterizedTypes:0
  String:_sfdcAdditionalCodeLocations:0
  String:_sfdcAdditionalCodeLocations:0
  String:_sfdcAdditionalCodeLocations:0
  char[]:digits:0
  long:serialVersionUID:0
  long:serialVersionUID:0
  long:serialVersionUID:0

18:18:45.61 (61932209)|CUMULATIVE_LIMIT_USAGE_END

18:18:45.1 (62216234)|CODE_UNIT_FINISHED|InboundBatchFinalizer
18:18:45.1 (62234200)|EXECUTION_FINISHED
18:18:45.111 (111332411)|CUMULATIVE_PROFILING_BEGIN
18:18:45.111 (111332411)|CUMULATIVE_PROFILING|No profiling information for SOQL operations
18:18:45.111 (111332411)|CUMULATIVE_PROFILING|No profiling information for SOSL operations
18:18:45.111 (111332411)|CUMULATIVE_PROFILING|No profiling information for DML operations
18:18:45.111 (111332411)|CUMULATIVE_PROFILING|method invocations|
External entry point: global void finish(Database.BatchableContext): executed 1 time in 2 ms

18:18:45.111 (111332411)|CUMULATIVE_PROFILING_END
