66.0 APEX_CODE,DEBUG;APEX_PROFILING,INFO;CALLOUT,INFO;DATA_ACCESS,INFO;DB,INFO;NBA,INFO;SYSTEM,DEBUG;VALIDATION,INFO;VISUALFORCE,INFO;WAVE,INFO;WORKFLOW,INFO
17:33:26.0 (625237)|USER_INFO|[EXTERNAL]|0051n000006PLOd|aleksandr.novikov@interpipe.biz.newdev|(GMT+03:00) Eastern European Summer Time (Europe/Bucharest)|GMT+03:00
17:33:26.0 (715217)|EXECUTION_STARTED
17:33:26.0 (744683)|CODE_UNIT_STARTED|[EXTERNAL]|01pRR00000OhS4r|InboundBatchFinalizer
17:33:26.0 (12833305)|SYSTEM_MODE_ENTER|false
17:33:26.0 (13233263)|SYSTEM_MODE_EXIT|false
17:33:26.0 (13263728)|SYSTEM_MODE_ENTER|false
17:33:26.0 (13269293)|SYSTEM_MODE_EXIT|false
17:33:26.26 (26905659)|CUMULATIVE_LIMIT_USAGE
17:33:26.26 (26905659)|LIMIT_USAGE_FOR_NS|(default)|
  Number of SOQL queries: 0 out of 200
  Number of query rows: 0 out of 50000
  Number of SOSL queries: 0 out of 20
  Number of DML statements: 0 out of 150
  Number of Publish Immediate DML: 0 out of 150
  Number of DML rows: 0 out of 10000
  Maximum CPU time: 0 out of 60000
  Maximum heap size: 0 out of 12000000
  Number of callouts: 0 out of 0
  Number of Email Invocations: 0 out of 10
  Number of future calls: 0 out of 0
  Number of queueable jobs added to the queue: 0 out of 1
  Number of Mobile Apex push calls: 0 out of 10

17:33:26.26 (26905659)|CUMULATIVE_LIMIT_USAGE_END

17:33:26.0 (26977166)|CODE_UNIT_FINISHED|InboundBatchFinalizer
17:33:26.0 (27001793)|EXECUTION_FINISHED
